// Jest Snapshot v1, https://goo.gl/fbAQLP

exports[`ShortEventCard Renders a ShortEventCard component renders correctly 1`] = `
<View
  accessible={true}
  focusable={true}
  isTVSelectable={true}
  onClick={[Function]}
  onResponderGrant={[Function]}
  onResponderMove={[Function]}
  onResponderRelease={[Function]}
  onResponderTerminate={[Function]}
  onResponderTerminationRequest={[Function]}
  onStartShouldSetResponder={[Function]}
  style={
    Object {
      "alignItems": "center",
      "backgroundColor": "#28BFBD",
      "borderColor": "#dee500",
      "borderRadius": 50,
      "borderWidth": 6,
      "height": 100,
      "marginBottom": 20,
      "opacity": 1,
      "width": "auto",
    }
  }
>
  <Text
    style={
      Object {
        "color": "#000",
        "fontFamily": "Farah",
        "fontSize": 25,
        "fontWeight": "bold",
        "marginTop": 7,
      }
    }
  />
  <Text
    style={
      Object {
        "color": "#000",
        "fontSize": 18,
      }
    }
  />
  <Text
    style={
      Object {
        "color": "#000",
        "fontSize": 18,
      }
    }
  >
    Start time: 
  </Text>
</View>
`;
